Veterinary Clinic Management System - Test Report
===================================================
Date: 2026-09-26
Test File: test_clinic.py
Status: ALL TESTS PASSED

Test Execution Summary:
===================================================

Starting tests...
==================================================
[PASS] JSON data initialized successfully
[PASS] Client created with ID: 1
[PASS] Client found: John Smith
[PASS] Animal created with ID: 1
[PASS] Animal found: Buddy
[PASS] Property created with ID: 1
[PASS] Property found: 456 Farm Road
[PASS] Consultation booked with ID: 1
[PASS] Correctly rejected booking outside clinic hours
[PASS] Farm visit booked with ID: 2
[PASS] Day schedule retrieved: 32 slots, 1 farm visits
[PASS] Animal search found: Buddy
[PASS] Appointment status updated to completed
[PASS] Appointment status updated to DNA
[PASS] Report generated: 2 total appointments
  - Completed: 1
  - DNA: 1
  - Completion rate: 50.0%
  - DNA rate: 50.0%
[PASS] Listed 1 client(s)
[PASS] Listed 1 animal(s) for client
[PASS] Listed 1 propert(y/ies) for client
[PASS] Appointment moved successfully
[PASS] Appointment cancelled successfully
[PASS] Client updated successfully
[PASS] Client deactivated successfully
[PASS] Deactivated client not in active list
==================================================
All tests passed successfully! [PASS]
==================================================
Test JSON file cleaned up

Test Coverage:
===================================================

1. Client Management:
   - Create client
   - Find client
   - Update client
   - Deactivate client
   - List clients

2. Animal Management:
   - Create animal
   - Find animal
   - Search animals by name
   - List animals

3. Property Management:
   - Create property
   - Find property
   - List properties

4. Appointment Management:
   - Book consultation
   - Book farm visit
   - Move appointment
   - Cancel appointment
   - Update appointment status (completed, DNA)
   - Get day schedule

5. Reporting:
   - Generate appointment reports
   - Calculate completion rates
   - Calculate DNA rates

6. Validation:
   - Clinic hours validation
   - Time slot conflict detection

Total Tests Run: 22
Tests Passed: 22
Tests Failed: 0
Success Rate: 100%

Conclusion:
===================================================
All functionality tests passed successfully. The system is working as expected
with proper validation, data management, and reporting capabilities.
